{"level":"info","message":{"msg":"backend listening on 3001"},"timestamp":"2025-09-20T10:42:53.729Z"}
{"level":"info","message":{"method":"POST","msg":"request","url":"/auth/login"},"timestamp":"2025-09-20T10:44:47.026Z"}
{"level":"info","message":{"email":"ops@company.com","msg":"login","role":"ops"},"timestamp":"2025-09-20T10:44:47.032Z"}
{"level":"info","message":{"method":"GET","msg":"request","url":"/config/features"},"timestamp":"2025-09-20T10:44:47.057Z"}
{"level":"info","message":{"auth":"[REDACTED]","method":"GET","msg":"request","url":"/api/ops-failures?system=ping-federate&minutes=10"},"timestamp":"2025-09-20T10:44:47.066Z"}
{"level":"info","message":{"auth":"[REDACTED]","method":"GET","msg":"request","url":"/api/ops-failures?system=ping-mfa&minutes=10"},"timestamp":"2025-09-20T10:44:47.071Z"}
{"level":"info","message":{"auth":"[REDACTED]","method":"GET","msg":"request","url":"/api/search-employee/ops%40company.com"},"timestamp":"2025-09-20T10:44:57.183Z"}
{"level":"info","message":{"auth":"[REDACTED]","method":"GET","msg":"request","url":"/api/search-employee/u1004"},"timestamp":"2025-09-20T10:45:19.362Z"}
{"level":"info","message":{"auth":"[REDACTED]","method":"GET","msg":"request","url":"/api/search-employee/u1004/details?system=ping-directory"},"timestamp":"2025-09-20T10:45:29.243Z"}
{"level":"info","message":{"auth":"[REDACTED]","method":"GET","msg":"request","url":"/api/all-users"},"timestamp":"2025-09-20T10:45:37.278Z"}
{"level":"info","message":{"auth":"[REDACTED]","method":"GET","msg":"request","url":"/api/search-employee/dana.lee%40company.com/details?system=ping-directory"},"timestamp":"2025-09-20T10:45:37.340Z"}
{"level":"info","message":{"auth":"[REDACTED]","method":"GET","msg":"request","url":"/api/search-employee/u1004/details?system=ping-directory"},"timestamp":"2025-09-20T10:45:37.346Z"}
{"level":"info","message":{"auth":"[REDACTED]","method":"GET","msg":"request","url":"/api/search-employee/DANA.LEE%40COMPANY.COM/details?system=ping-directory"},"timestamp":"2025-09-20T10:45:37.352Z"}
{"level":"info","message":{"auth":"[REDACTED]","method":"GET","msg":"request","url":"/api/search-employee/U1004/details?system=ping-directory"},"timestamp":"2025-09-20T10:45:37.357Z"}
{"level":"info","message":{"auth":"[REDACTED]","method":"GET","msg":"request","url":"/api/search-employee/dana.lee%40company.com/details?system=ping-federate"},"timestamp":"2025-09-20T10:45:37.363Z"}
{"level":"info","message":{"auth":"[REDACTED]","method":"GET","msg":"request","url":"/api/search-employee/u1004/details?system=ping-federate"},"timestamp":"2025-09-20T10:45:37.369Z"}
{"level":"info","message":{"auth":"[REDACTED]","method":"GET","msg":"request","url":"/api/search-employee/DANA.LEE%40COMPANY.COM/details?system=ping-federate"},"timestamp":"2025-09-20T10:45:37.376Z"}
{"level":"info","message":{"auth":"[REDACTED]","method":"GET","msg":"request","url":"/api/search-employee/U1004/details?system=ping-federate"},"timestamp":"2025-09-20T10:45:37.382Z"}
{"level":"info","message":{"auth":"[REDACTED]","method":"GET","msg":"request","url":"/api/search-employee/dana.lee%40company.com/details?system=cyberark"},"timestamp":"2025-09-20T10:45:37.392Z"}
{"level":"info","message":{"auth":"[REDACTED]","method":"GET","msg":"request","url":"/api/search-employee/u1004/details?system=cyberark"},"timestamp":"2025-09-20T10:45:37.398Z"}
{"level":"info","message":{"auth":"[REDACTED]","method":"GET","msg":"request","url":"/api/search-employee/DANA.LEE%40COMPANY.COM/details?system=cyberark"},"timestamp":"2025-09-20T10:45:37.407Z"}
{"level":"info","message":{"auth":"[REDACTED]","method":"GET","msg":"request","url":"/api/search-employee/U1004/details?system=cyberark"},"timestamp":"2025-09-20T10:45:37.413Z"}
{"level":"info","message":{"auth":"[REDACTED]","method":"GET","msg":"request","url":"/api/search-employee/dana.lee%40company.com/details?system=saviynt"},"timestamp":"2025-09-20T10:45:37.420Z"}
{"level":"info","message":{"auth":"[REDACTED]","method":"GET","msg":"request","url":"/api/search-employee/u1004/details?system=saviynt"},"timestamp":"2025-09-20T10:45:37.440Z"}
{"level":"info","message":{"auth":"[REDACTED]","method":"GET","msg":"request","url":"/api/search-employee/DANA.LEE%40COMPANY.COM/details?system=saviynt"},"timestamp":"2025-09-20T10:45:37.445Z"}
{"level":"info","message":{"auth":"[REDACTED]","method":"GET","msg":"request","url":"/api/search-employee/U1004/details?system=saviynt"},"timestamp":"2025-09-20T10:45:37.452Z"}
{"level":"info","message":{"auth":"[REDACTED]","method":"GET","msg":"request","url":"/api/search-employee/dana.lee%40company.com/details?system=azure-ad"},"timestamp":"2025-09-20T10:45:37.461Z"}
{"level":"info","message":{"auth":"[REDACTED]","method":"GET","msg":"request","url":"/api/search-employee/u1004/details?system=azure-ad"},"timestamp":"2025-09-20T10:45:37.476Z"}
{"level":"info","message":{"auth":"[REDACTED]","method":"GET","msg":"request","url":"/api/search-employee/DANA.LEE%40COMPANY.COM/details?system=azure-ad"},"timestamp":"2025-09-20T10:45:37.549Z"}
{"level":"info","message":{"auth":"[REDACTED]","method":"GET","msg":"request","url":"/api/search-employee/U1004/details?system=azure-ad"},"timestamp":"2025-09-20T10:45:37.557Z"}
{"level":"info","message":{"auth":"[REDACTED]","method":"GET","msg":"request","url":"/api/search-employee/dana.lee%40company.com/details?system=ping-mfa"},"timestamp":"2025-09-20T10:45:37.563Z"}
{"level":"info","message":{"auth":"[REDACTED]","method":"GET","msg":"request","url":"/api/search-employee/u1004/details?system=ping-mfa"},"timestamp":"2025-09-20T10:45:37.572Z"}
{"level":"info","message":{"auth":"[REDACTED]","method":"GET","msg":"request","url":"/api/search-employee/DANA.LEE%40COMPANY.COM/details?system=ping-mfa"},"timestamp":"2025-09-20T10:45:37.577Z"}
{"level":"info","message":{"auth":"[REDACTED]","method":"GET","msg":"request","url":"/api/search-employee/U1004/details?system=ping-mfa"},"timestamp":"2025-09-20T10:45:37.589Z"}
{"level":"info","message":{"auth":"[REDACTED]","method":"GET","msg":"request","url":"/api/ops-failures?system=ping-federate&minutes=10"},"timestamp":"2025-09-20T10:45:43.784Z"}
{"level":"info","message":{"auth":"[REDACTED]","method":"GET","msg":"request","url":"/api/ops-failures?system=ping-mfa&minutes=10"},"timestamp":"2025-09-20T10:45:43.785Z"}
{"level":"info","message":{"auth":"[REDACTED]","method":"GET","msg":"request","url":"/api/all-users"},"timestamp":"2025-09-20T10:45:45.749Z"}
{"level":"info","message":{"auth":"[REDACTED]","method":"GET","msg":"request","url":"/api/search-employee/dana.lee%40company.com/details?system=ping-directory"},"timestamp":"2025-09-20T10:45:45.807Z"}
{"level":"info","message":{"auth":"[REDACTED]","method":"GET","msg":"request","url":"/api/search-employee/u1004/details?system=ping-directory"},"timestamp":"2025-09-20T10:45:45.814Z"}
{"level":"info","message":{"auth":"[REDACTED]","method":"GET","msg":"request","url":"/api/search-employee/DANA.LEE%40COMPANY.COM/details?system=ping-directory"},"timestamp":"2025-09-20T10:45:45.820Z"}
{"level":"info","message":{"auth":"[REDACTED]","method":"GET","msg":"request","url":"/api/search-employee/U1004/details?system=ping-directory"},"timestamp":"2025-09-20T10:45:45.825Z"}
{"level":"info","message":{"auth":"[REDACTED]","method":"GET","msg":"request","url":"/api/search-employee/dana.lee%40company.com/details?system=ping-federate"},"timestamp":"2025-09-20T10:45:45.830Z"}
{"level":"info","message":{"auth":"[REDACTED]","method":"GET","msg":"request","url":"/api/search-employee/u1004/details?system=ping-federate"},"timestamp":"2025-09-20T10:45:45.837Z"}
{"level":"info","message":{"auth":"[REDACTED]","method":"GET","msg":"request","url":"/api/search-employee/DANA.LEE%40COMPANY.COM/details?system=ping-federate"},"timestamp":"2025-09-20T10:45:45.845Z"}
{"level":"info","message":{"auth":"[REDACTED]","method":"GET","msg":"request","url":"/api/search-employee/U1004/details?system=ping-federate"},"timestamp":"2025-09-20T10:45:45.853Z"}
{"level":"info","message":{"auth":"[REDACTED]","method":"GET","msg":"request","url":"/api/search-employee/dana.lee%40company.com/details?system=cyberark"},"timestamp":"2025-09-20T10:45:45.860Z"}
{"level":"info","message":{"auth":"[REDACTED]","method":"GET","msg":"request","url":"/api/search-employee/u1004/details?system=cyberark"},"timestamp":"2025-09-20T10:45:45.865Z"}
{"level":"info","message":{"auth":"[REDACTED]","method":"GET","msg":"request","url":"/api/search-employee/DANA.LEE%40COMPANY.COM/details?system=cyberark"},"timestamp":"2025-09-20T10:45:45.875Z"}
{"level":"info","message":{"auth":"[REDACTED]","method":"GET","msg":"request","url":"/api/search-employee/U1004/details?system=cyberark"},"timestamp":"2025-09-20T10:45:45.880Z"}
{"level":"info","message":{"auth":"[REDACTED]","method":"GET","msg":"request","url":"/api/search-employee/dana.lee%40company.com/details?system=saviynt"},"timestamp":"2025-09-20T10:45:45.888Z"}
{"level":"info","message":{"auth":"[REDACTED]","method":"GET","msg":"request","url":"/api/search-employee/u1004/details?system=saviynt"},"timestamp":"2025-09-20T10:45:45.894Z"}
{"level":"info","message":{"auth":"[REDACTED]","method":"GET","msg":"request","url":"/api/search-employee/DANA.LEE%40COMPANY.COM/details?system=saviynt"},"timestamp":"2025-09-20T10:45:45.899Z"}
{"level":"info","message":{"auth":"[REDACTED]","method":"GET","msg":"request","url":"/api/search-employee/U1004/details?system=saviynt"},"timestamp":"2025-09-20T10:45:45.908Z"}
{"level":"info","message":{"auth":"[REDACTED]","method":"GET","msg":"request","url":"/api/search-employee/dana.lee%40company.com/details?system=azure-ad"},"timestamp":"2025-09-20T10:45:45.913Z"}
{"level":"info","message":{"auth":"[REDACTED]","method":"GET","msg":"request","url":"/api/search-employee/u1004/details?system=azure-ad"},"timestamp":"2025-09-20T10:45:45.921Z"}
{"level":"info","message":{"auth":"[REDACTED]","method":"GET","msg":"request","url":"/api/search-employee/DANA.LEE%40COMPANY.COM/details?system=azure-ad"},"timestamp":"2025-09-20T10:45:45.928Z"}
{"level":"info","message":{"auth":"[REDACTED]","method":"GET","msg":"request","url":"/api/search-employee/U1004/details?system=azure-ad"},"timestamp":"2025-09-20T10:45:45.933Z"}
{"level":"info","message":{"auth":"[REDACTED]","method":"GET","msg":"request","url":"/api/search-employee/dana.lee%40company.com/details?system=ping-mfa"},"timestamp":"2025-09-20T10:45:45.942Z"}
{"level":"info","message":{"auth":"[REDACTED]","method":"GET","msg":"request","url":"/api/search-employee/u1004/details?system=ping-mfa"},"timestamp":"2025-09-20T10:45:45.946Z"}
{"level":"info","message":{"auth":"[REDACTED]","method":"GET","msg":"request","url":"/api/search-employee/DANA.LEE%40COMPANY.COM/details?system=ping-mfa"},"timestamp":"2025-09-20T10:45:45.954Z"}
{"level":"info","message":{"auth":"[REDACTED]","method":"GET","msg":"request","url":"/api/search-employee/U1004/details?system=ping-mfa"},"timestamp":"2025-09-20T10:45:45.960Z"}
{"level":"info","message":{"auth":"[REDACTED]","method":"GET","msg":"request","url":"/api/snow/incidents?email=dana.lee%40company.com"},"timestamp":"2025-09-20T10:45:48.265Z"}
{"level":"info","message":{"method":"POST","msg":"request","url":"/auth/login"},"timestamp":"2025-09-20T10:46:00.487Z"}
{"level":"info","message":{"email":"any@company.com","msg":"login","role":"employee"},"timestamp":"2025-09-20T10:46:00.491Z"}
{"level":"info","message":{"auth":"[REDACTED]","method":"GET","msg":"request","url":"/api/own-ping-directory"},"timestamp":"2025-09-20T10:46:00.570Z"}
{"level":"info","message":{"auth":"[REDACTED]","method":"GET","msg":"request","url":"/api/own-cyberark"},"timestamp":"2025-09-20T10:46:00.578Z"}
{"level":"info","message":{"auth":"[REDACTED]","method":"GET","msg":"request","url":"/api/own-ping-federate"},"timestamp":"2025-09-20T10:46:00.583Z"}
{"level":"info","message":{"method":"GET","msg":"request","url":"/config/features"},"timestamp":"2025-09-20T10:46:00.587Z"}
{"level":"info","message":{"auth":"[REDACTED]","method":"GET","msg":"request","url":"/api/own-saviynt"},"timestamp":"2025-09-20T10:46:00.588Z"}
{"level":"info","message":{"auth":"[REDACTED]","method":"GET","msg":"request","url":"/api/own-azure-ad"},"timestamp":"2025-09-20T10:46:00.592Z"}
{"level":"info","message":{"auth":"[REDACTED]","method":"GET","msg":"request","url":"/api/own-ping-mfa"},"timestamp":"2025-09-20T10:46:00.599Z"}
{"level":"info","message":{"auth":"[REDACTED]","method":"GET","msg":"request","url":"/api/own-ping-directory"},"timestamp":"2025-09-20T10:46:00.603Z"}
{"level":"info","message":{"auth":"[REDACTED]","method":"GET","msg":"request","url":"/api/own-cyberark"},"timestamp":"2025-09-20T10:46:00.607Z"}
{"level":"info","message":{"auth":"[REDACTED]","method":"GET","msg":"request","url":"/api/own-ping-federate"},"timestamp":"2025-09-20T10:46:00.611Z"}
{"level":"info","message":{"auth":"[REDACTED]","method":"GET","msg":"request","url":"/api/own-saviynt"},"timestamp":"2025-09-20T10:46:00.617Z"}
{"level":"info","message":{"auth":"[REDACTED]","method":"GET","msg":"request","url":"/api/own-azure-ad"},"timestamp":"2025-09-20T10:46:00.621Z"}
{"level":"info","message":{"auth":"[REDACTED]","method":"GET","msg":"request","url":"/api/own-ping-mfa"},"timestamp":"2025-09-20T10:46:00.624Z"}
{"level":"info","message":{"auth":"[REDACTED]","method":"GET","msg":"request","url":"/api/snow/incidents"},"timestamp":"2025-09-20T10:46:13.661Z"}
{"level":"info","message":{"auth":"[REDACTED]","method":"GET","msg":"request","url":"/api/own-ping-federate/details"},"timestamp":"2025-09-20T10:49:55.250Z"}
{"level":"info","message":{"auth":"[REDACTED]","method":"GET","msg":"request","url":"/api/search-employee/u1004"},"timestamp":"2025-09-20T10:50:04.777Z"}
{"level":"info","message":{"auth":"[REDACTED]","method":"GET","msg":"request","url":"/api/search-employee/u1004"},"timestamp":"2025-09-20T10:50:05.519Z"}
{"level":"info","message":{"auth":"[REDACTED]","method":"GET","msg":"request","url":"/api/search-employee/u1004"},"timestamp":"2025-09-20T10:50:06.271Z"}
{"level":"info","message":{"auth":"[REDACTED]","method":"GET","msg":"request","url":"/api/own-ping-federate"},"timestamp":"2025-09-20T10:50:10.777Z"}
{"level":"info","message":{"msg":"backend listening on 3001"},"timestamp":"2025-09-21T13:10:46.082Z"}
{"level":"info","message":{"method":"GET","msg":"request","url":"/config/features"},"timestamp":"2025-09-21T13:11:00.183Z"}
{"level":"info","message":{"auth":"[REDACTED]","method":"GET","msg":"request","url":"/api/ops-failures?system=ping-federate&minutes=10"},"timestamp":"2025-09-21T13:11:00.270Z"}
{"level":"info","message":{"auth":"[REDACTED]","method":"GET","msg":"request","url":"/api/ops-failures?system=ping-mfa&minutes=10"},"timestamp":"2025-09-21T13:11:00.282Z"}
{"level":"info","message":{"method":"POST","msg":"request","url":"/auth/login"},"timestamp":"2025-09-21T13:11:18.472Z"}
{"level":"info","message":{"email":"ops@company.com","msg":"login","role":"ops"},"timestamp":"2025-09-21T13:11:18.477Z"}
{"level":"info","message":{"method":"GET","msg":"request","url":"/config/features"},"timestamp":"2025-09-21T13:11:18.503Z"}
{"level":"info","message":{"auth":"[REDACTED]","method":"GET","msg":"request","url":"/api/ops-failures?system=ping-federate&minutes=10"},"timestamp":"2025-09-21T13:11:18.506Z"}
{"level":"info","message":{"auth":"[REDACTED]","method":"GET","msg":"request","url":"/api/ops-failures?system=ping-mfa&minutes=10"},"timestamp":"2025-09-21T13:11:18.509Z"}
{"level":"info","message":{"auth":"[REDACTED]","method":"GET","msg":"request","url":"/api/search-employee/u1004"},"timestamp":"2025-09-21T13:11:25.681Z"}
{"level":"info","message":{"method":"GET","msg":"request","url":"/config/features"},"timestamp":"2025-09-21T13:12:56.365Z"}
{"level":"info","message":{"auth":"[REDACTED]","method":"GET","msg":"request","url":"/api/ops-failures?system=ping-federate&minutes=10"},"timestamp":"2025-09-21T13:12:56.376Z"}
{"level":"info","message":{"auth":"[REDACTED]","method":"GET","msg":"request","url":"/api/ops-failures?system=ping-mfa&minutes=10"},"timestamp":"2025-09-21T13:12:56.391Z"}
{"level":"info","message":{"auth":"[REDACTED]","method":"GET","msg":"request","url":"/api/search-employee/u1004"},"timestamp":"2025-09-21T13:13:04.900Z"}
{"level":"info","message":{"auth":"[REDACTED]","method":"GET","msg":"request","url":"/api/snow/incidents?email=dana.lee%40company.com"},"timestamp":"2025-09-21T13:20:17.405Z"}
{"level":"info","message":{"method":"GET","msg":"request","url":"/config/features"},"timestamp":"2025-09-21T13:24:19.685Z"}
{"level":"info","message":{"auth":"[REDACTED]","method":"GET","msg":"request","url":"/api/ops-failures?system=ping-federate&minutes=10"},"timestamp":"2025-09-21T13:24:19.695Z"}
{"level":"info","message":{"auth":"[REDACTED]","method":"GET","msg":"request","url":"/api/ops-failures?system=ping-mfa&minutes=10"},"timestamp":"2025-09-21T13:24:19.706Z"}
{"level":"info","message":{"auth":"[REDACTED]","method":"GET","msg":"request","url":"/api/search-employee/u1020"},"timestamp":"2025-09-21T13:24:28.373Z"}
{"level":"info","message":{"auth":"[REDACTED]","method":"GET","msg":"request","url":"/api/snow/incidents?email=tina.zhang%40company.com"},"timestamp":"2025-09-21T13:24:37.046Z"}
{"level":"info","message":{"auth":"[REDACTED]","method":"GET","msg":"request","url":"/api/search-employee/u1020/details?system=ping-directory"},"timestamp":"2025-09-21T13:24:57.356Z"}
{"level":"info","message":{"auth":"[REDACTED]","method":"GET","msg":"request","url":"/api/search-employee/u1020/details?system=ping-mfa"},"timestamp":"2025-09-21T13:25:00.456Z"}
{"level":"info","message":{"auth":"[REDACTED]","method":"GET","msg":"request","url":"/api/search-employee/u1020/details?system=ping-directory"},"timestamp":"2025-09-21T13:25:04.156Z"}
{"level":"info","message":{"msg":"backend listening on 3001"},"timestamp":"2025-09-21T13:30:33.796Z"}
{"level":"info","message":{"method":"POST","msg":"request","url":"/auth/login"},"timestamp":"2025-09-21T13:38:36.413Z"}
{"level":"info","message":{"email":"anything-else@company.com","msg":"login","role":"employee"},"timestamp":"2025-09-21T13:38:36.418Z"}
{"level":"info","message":{"method":"GET","msg":"request","url":"/config/features"},"timestamp":"2025-09-21T13:38:36.505Z"}
{"level":"info","message":{"auth":"[REDACTED]","method":"GET","msg":"request","url":"/api/own-ping-directory"},"timestamp":"2025-09-21T13:38:36.509Z"}
{"level":"info","message":{"auth":"[REDACTED]","method":"GET","msg":"request","url":"/api/own-ping-federate"},"timestamp":"2025-09-21T13:38:36.514Z"}
{"level":"info","message":{"auth":"[REDACTED]","method":"GET","msg":"request","url":"/api/own-cyberark"},"timestamp":"2025-09-21T13:38:36.519Z"}
{"level":"info","message":{"auth":"[REDACTED]","method":"GET","msg":"request","url":"/api/own-saviynt"},"timestamp":"2025-09-21T13:38:36.525Z"}
{"level":"info","message":{"auth":"[REDACTED]","method":"GET","msg":"request","url":"/api/own-azure-ad"},"timestamp":"2025-09-21T13:38:36.533Z"}
{"level":"info","message":{"auth":"[REDACTED]","method":"GET","msg":"request","url":"/api/own-ping-mfa"},"timestamp":"2025-09-21T13:38:36.538Z"}
{"level":"info","message":{"auth":"[REDACTED]","method":"GET","msg":"request","url":"/api/own-ping-directory"},"timestamp":"2025-09-21T13:38:36.544Z"}
{"level":"info","message":{"auth":"[REDACTED]","method":"GET","msg":"request","url":"/api/own-ping-federate"},"timestamp":"2025-09-21T13:38:36.550Z"}
{"level":"info","message":{"auth":"[REDACTED]","method":"GET","msg":"request","url":"/api/own-cyberark"},"timestamp":"2025-09-21T13:38:36.554Z"}
{"level":"info","message":{"auth":"[REDACTED]","method":"GET","msg":"request","url":"/api/own-saviynt"},"timestamp":"2025-09-21T13:38:36.558Z"}
{"level":"info","message":{"auth":"[REDACTED]","method":"GET","msg":"request","url":"/api/own-azure-ad"},"timestamp":"2025-09-21T13:38:36.566Z"}
{"level":"info","message":{"auth":"[REDACTED]","method":"GET","msg":"request","url":"/api/own-ping-mfa"},"timestamp":"2025-09-21T13:38:36.569Z"}
{"level":"info","message":{"msg":"backend listening on 3001"},"timestamp":"2025-09-21T13:39:38.668Z"}
{"level":"info","message":{"method":"GET","msg":"request","url":"/config/features"},"timestamp":"2025-09-21T13:40:09.701Z"}
{"level":"info","message":{"auth":"[REDACTED]","method":"GET","msg":"request","url":"/api/own-ping-federate"},"timestamp":"2025-09-21T13:40:09.839Z"}
{"level":"info","message":{"auth":"[REDACTED]","method":"GET","msg":"request","url":"/api/own-ping-directory"},"timestamp":"2025-09-21T13:40:09.849Z"}
{"level":"info","message":{"auth":"[REDACTED]","method":"GET","msg":"request","url":"/api/own-cyberark"},"timestamp":"2025-09-21T13:40:09.858Z"}
{"level":"info","message":{"auth":"[REDACTED]","method":"GET","msg":"request","url":"/api/own-saviynt"},"timestamp":"2025-09-21T13:40:09.876Z"}
{"level":"info","message":{"auth":"[REDACTED]","method":"GET","msg":"request","url":"/api/own-azure-ad"},"timestamp":"2025-09-21T13:40:09.882Z"}
{"level":"info","message":{"auth":"[REDACTED]","method":"GET","msg":"request","url":"/api/own-ping-mfa"},"timestamp":"2025-09-21T13:40:09.902Z"}
{"level":"info","message":{"auth":"[REDACTED]","method":"GET","msg":"request","url":"/api/own-ping-federate"},"timestamp":"2025-09-21T13:40:09.952Z"}
{"level":"info","message":{"auth":"[REDACTED]","method":"GET","msg":"request","url":"/api/own-ping-directory"},"timestamp":"2025-09-21T13:40:09.988Z"}
{"level":"info","message":{"auth":"[REDACTED]","method":"GET","msg":"request","url":"/api/own-cyberark"},"timestamp":"2025-09-21T13:40:10.011Z"}
{"level":"info","message":{"auth":"[REDACTED]","method":"GET","msg":"request","url":"/api/own-saviynt"},"timestamp":"2025-09-21T13:40:10.040Z"}
{"level":"info","message":{"auth":"[REDACTED]","method":"GET","msg":"request","url":"/api/own-azure-ad"},"timestamp":"2025-09-21T13:40:10.049Z"}
{"level":"info","message":{"auth":"[REDACTED]","method":"GET","msg":"request","url":"/api/own-ping-mfa"},"timestamp":"2025-09-21T13:40:10.061Z"}
{"level":"info","message":{"method":"POST","msg":"request","url":"/auth/login"},"timestamp":"2025-09-21T13:40:17.076Z"}
{"level":"info","message":{"email":"anything-else@company.com","msg":"login","role":"employee"},"timestamp":"2025-09-21T13:40:17.080Z"}
{"level":"info","message":{"auth":"[REDACTED]","method":"GET","msg":"request","url":"/api/own-ping-directory"},"timestamp":"2025-09-21T13:40:17.154Z"}
{"level":"info","message":{"method":"GET","msg":"request","url":"/config/features"},"timestamp":"2025-09-21T13:40:17.157Z"}
{"level":"info","message":{"auth":"[REDACTED]","method":"GET","msg":"request","url":"/api/own-cyberark"},"timestamp":"2025-09-21T13:40:17.159Z"}
{"level":"info","message":{"auth":"[REDACTED]","method":"GET","msg":"request","url":"/api/own-ping-federate"},"timestamp":"2025-09-21T13:40:17.163Z"}
{"level":"info","message":{"auth":"[REDACTED]","method":"GET","msg":"request","url":"/api/own-saviynt"},"timestamp":"2025-09-21T13:40:17.169Z"}
{"level":"info","message":{"auth":"[REDACTED]","method":"GET","msg":"request","url":"/api/own-azure-ad"},"timestamp":"2025-09-21T13:40:17.174Z"}
{"level":"info","message":{"auth":"[REDACTED]","method":"GET","msg":"request","url":"/api/own-ping-mfa"},"timestamp":"2025-09-21T13:40:17.178Z"}
{"level":"info","message":{"auth":"[REDACTED]","method":"GET","msg":"request","url":"/api/own-ping-directory"},"timestamp":"2025-09-21T13:40:17.184Z"}
{"level":"info","message":{"auth":"[REDACTED]","method":"GET","msg":"request","url":"/api/own-cyberark"},"timestamp":"2025-09-21T13:40:17.188Z"}
{"level":"info","message":{"auth":"[REDACTED]","method":"GET","msg":"request","url":"/api/own-ping-federate"},"timestamp":"2025-09-21T13:40:17.193Z"}
{"level":"info","message":{"auth":"[REDACTED]","method":"GET","msg":"request","url":"/api/own-saviynt"},"timestamp":"2025-09-21T13:40:17.198Z"}
{"level":"info","message":{"auth":"[REDACTED]","method":"GET","msg":"request","url":"/api/own-azure-ad"},"timestamp":"2025-09-21T13:40:17.203Z"}
{"level":"info","message":{"auth":"[REDACTED]","method":"GET","msg":"request","url":"/api/own-ping-mfa"},"timestamp":"2025-09-21T13:40:17.208Z"}
{"level":"info","message":{"msg":"backend listening on 3001"},"timestamp":"2025-09-21T13:41:48.677Z"}
{"level":"info","message":{"method":"POST","msg":"request","url":"/auth/login"},"timestamp":"2025-09-21T13:41:56.514Z"}
{"level":"info","message":{"email":"anything-else@company.com","msg":"login","role":"employee"},"timestamp":"2025-09-21T13:41:56.519Z"}
{"level":"info","message":{"method":"GET","msg":"request","url":"/config/features"},"timestamp":"2025-09-21T13:41:56.600Z"}
{"level":"info","message":{"auth":"[REDACTED]","method":"GET","msg":"request","url":"/api/own-ping-directory"},"timestamp":"2025-09-21T13:41:56.603Z"}
{"level":"info","message":{"auth":"[REDACTED]","method":"GET","msg":"request","url":"/api/own-cyberark"},"timestamp":"2025-09-21T13:41:56.609Z"}
{"level":"info","message":{"auth":"[REDACTED]","method":"GET","msg":"request","url":"/api/own-ping-federate"},"timestamp":"2025-09-21T13:41:56.614Z"}
{"level":"info","message":{"auth":"[REDACTED]","method":"GET","msg":"request","url":"/api/own-saviynt"},"timestamp":"2025-09-21T13:41:56.617Z"}
{"level":"info","message":{"auth":"[REDACTED]","method":"GET","msg":"request","url":"/api/own-azure-ad"},"timestamp":"2025-09-21T13:41:56.623Z"}
{"level":"info","message":{"auth":"[REDACTED]","method":"GET","msg":"request","url":"/api/own-ping-mfa"},"timestamp":"2025-09-21T13:41:56.630Z"}
{"level":"info","message":{"auth":"[REDACTED]","method":"GET","msg":"request","url":"/api/own-ping-directory"},"timestamp":"2025-09-21T13:41:56.635Z"}
{"level":"info","message":{"auth":"[REDACTED]","method":"GET","msg":"request","url":"/api/own-cyberark"},"timestamp":"2025-09-21T13:41:56.639Z"}
{"level":"info","message":{"auth":"[REDACTED]","method":"GET","msg":"request","url":"/api/own-ping-federate"},"timestamp":"2025-09-21T13:41:56.644Z"}
{"level":"info","message":{"auth":"[REDACTED]","method":"GET","msg":"request","url":"/api/own-saviynt"},"timestamp":"2025-09-21T13:41:56.650Z"}
{"level":"info","message":{"auth":"[REDACTED]","method":"GET","msg":"request","url":"/api/own-azure-ad"},"timestamp":"2025-09-21T13:41:56.657Z"}
{"level":"info","message":{"auth":"[REDACTED]","method":"GET","msg":"request","url":"/api/own-ping-mfa"},"timestamp":"2025-09-21T13:41:56.680Z"}
{"level":"info","message":{"auth":"[REDACTED]","method":"GET","msg":"request","url":"/api/own-ping-federate"},"timestamp":"2025-09-21T13:41:56.742Z"}
{"level":"info","message":{"method":"GET","msg":"request","url":"/config/features"},"timestamp":"2025-09-21T13:44:07.597Z"}
{"level":"info","message":{"auth":"[REDACTED]","method":"GET","msg":"request","url":"/api/own-ping-directory"},"timestamp":"2025-09-21T13:44:07.719Z"}
{"level":"info","message":{"auth":"[REDACTED]","method":"GET","msg":"request","url":"/api/own-ping-federate"},"timestamp":"2025-09-21T13:44:07.725Z"}
{"level":"info","message":{"auth":"[REDACTED]","method":"GET","msg":"request","url":"/api/own-ping-mfa"},"timestamp":"2025-09-21T13:44:07.735Z"}
{"level":"info","message":{"auth":"[REDACTED]","method":"GET","msg":"request","url":"/api/own-cyberark"},"timestamp":"2025-09-21T13:44:07.740Z"}
{"level":"info","message":{"auth":"[REDACTED]","method":"GET","msg":"request","url":"/api/own-saviynt"},"timestamp":"2025-09-21T13:44:07.751Z"}
{"level":"info","message":{"auth":"[REDACTED]","method":"GET","msg":"request","url":"/api/own-azure-ad"},"timestamp":"2025-09-21T13:44:07.769Z"}
{"level":"info","message":{"auth":"[REDACTED]","method":"GET","msg":"request","url":"/api/own-ping-directory"},"timestamp":"2025-09-21T13:44:07.779Z"}
{"level":"info","message":{"auth":"[REDACTED]","method":"GET","msg":"request","url":"/api/own-ping-federate"},"timestamp":"2025-09-21T13:44:07.785Z"}
{"level":"info","message":{"auth":"[REDACTED]","method":"GET","msg":"request","url":"/api/own-ping-mfa"},"timestamp":"2025-09-21T13:44:07.795Z"}
{"level":"info","message":{"auth":"[REDACTED]","method":"GET","msg":"request","url":"/api/own-cyberark"},"timestamp":"2025-09-21T13:44:07.805Z"}
{"level":"info","message":{"auth":"[REDACTED]","method":"GET","msg":"request","url":"/api/own-saviynt"},"timestamp":"2025-09-21T13:44:07.821Z"}
{"level":"info","message":{"auth":"[REDACTED]","method":"GET","msg":"request","url":"/api/own-azure-ad"},"timestamp":"2025-09-21T13:44:07.826Z"}
{"level":"info","message":{"method":"GET","msg":"request","url":"/config/features"},"timestamp":"2025-09-21T13:44:12.154Z"}
{"level":"info","message":{"auth":"[REDACTED]","method":"GET","msg":"request","url":"/api/own-ping-directory"},"timestamp":"2025-09-21T13:44:12.264Z"}
{"level":"info","message":{"auth":"[REDACTED]","method":"GET","msg":"request","url":"/api/own-ping-federate"},"timestamp":"2025-09-21T13:44:12.269Z"}
{"level":"info","message":{"auth":"[REDACTED]","method":"GET","msg":"request","url":"/api/own-ping-mfa"},"timestamp":"2025-09-21T13:44:12.274Z"}
{"level":"info","message":{"auth":"[REDACTED]","method":"GET","msg":"request","url":"/api/own-cyberark"},"timestamp":"2025-09-21T13:44:12.281Z"}
{"level":"info","message":{"auth":"[REDACTED]","method":"GET","msg":"request","url":"/api/own-saviynt"},"timestamp":"2025-09-21T13:44:12.286Z"}
{"level":"info","message":{"auth":"[REDACTED]","method":"GET","msg":"request","url":"/api/own-azure-ad"},"timestamp":"2025-09-21T13:44:12.291Z"}
{"level":"info","message":{"auth":"[REDACTED]","method":"GET","msg":"request","url":"/api/own-ping-directory"},"timestamp":"2025-09-21T13:44:12.295Z"}
{"level":"info","message":{"auth":"[REDACTED]","method":"GET","msg":"request","url":"/api/own-ping-federate"},"timestamp":"2025-09-21T13:44:12.299Z"}
{"level":"info","message":{"auth":"[REDACTED]","method":"GET","msg":"request","url":"/api/own-ping-mfa"},"timestamp":"2025-09-21T13:44:12.303Z"}
{"level":"info","message":{"auth":"[REDACTED]","method":"GET","msg":"request","url":"/api/own-cyberark"},"timestamp":"2025-09-21T13:44:12.306Z"}
{"level":"info","message":{"auth":"[REDACTED]","method":"GET","msg":"request","url":"/api/own-saviynt"},"timestamp":"2025-09-21T13:44:12.312Z"}
{"level":"info","message":{"auth":"[REDACTED]","method":"GET","msg":"request","url":"/api/own-azure-ad"},"timestamp":"2025-09-21T13:44:12.316Z"}
{"level":"info","message":{"method":"POST","msg":"request","url":"/auth/login"},"timestamp":"2025-09-21T13:44:30.278Z"}
{"level":"info","message":{"email":"ops@company.com","msg":"login","role":"ops"},"timestamp":"2025-09-21T13:44:30.281Z"}
{"level":"info","message":{"method":"GET","msg":"request","url":"/config/features"},"timestamp":"2025-09-21T13:44:30.315Z"}
{"level":"info","message":{"auth":"[REDACTED]","method":"GET","msg":"request","url":"/api/ops-failures?system=ping-federate&minutes=10"},"timestamp":"2025-09-21T13:44:30.318Z"}
{"level":"info","message":{"auth":"[REDACTED]","method":"GET","msg":"request","url":"/api/ops-failures?system=ping-mfa&minutes=10"},"timestamp":"2025-09-21T13:44:30.323Z"}
{"level":"info","message":{"auth":"[REDACTED]","method":"GET","msg":"request","url":"/api/search-employee/u1007"},"timestamp":"2025-09-21T13:44:39.726Z"}
{"level":"info","message":{"msg":"backend listening on 3001"},"timestamp":"2025-09-21T13:45:25.014Z"}
{"level":"info","message":{"auth":"[REDACTED]","method":"GET","msg":"request","url":"/api/ops-failures?system=ping-federate&minutes=10"},"timestamp":"2025-09-21T13:45:30.482Z"}
{"level":"info","message":{"auth":"[REDACTED]","method":"GET","msg":"request","url":"/api/ops-failures?system=ping-mfa&minutes=10"},"timestamp":"2025-09-21T13:45:30.490Z"}
{"level":"info","message":{"method":"GET","msg":"request","url":"/config/features"},"timestamp":"2025-09-21T13:45:30.496Z"}
{"level":"info","message":{"method":"POST","msg":"request","url":"/auth/login"},"timestamp":"2025-09-21T13:45:35.509Z"}
{"level":"info","message":{"email":"anything-else@company.com","msg":"login","role":"employee"},"timestamp":"2025-09-21T13:45:35.514Z"}
{"level":"info","message":{"auth":"[REDACTED]","method":"GET","msg":"request","url":"/api/own-ping-directory"},"timestamp":"2025-09-21T13:45:35.586Z"}
{"level":"info","message":{"method":"GET","msg":"request","url":"/config/features"},"timestamp":"2025-09-21T13:45:35.591Z"}
{"level":"info","message":{"auth":"[REDACTED]","method":"GET","msg":"request","url":"/api/own-ping-federate"},"timestamp":"2025-09-21T13:45:35.594Z"}
{"level":"info","message":{"auth":"[REDACTED]","method":"GET","msg":"request","url":"/api/own-ping-mfa"},"timestamp":"2025-09-21T13:45:35.598Z"}
{"level":"info","message":{"auth":"[REDACTED]","method":"GET","msg":"request","url":"/api/own-cyberark"},"timestamp":"2025-09-21T13:45:35.603Z"}
{"level":"info","message":{"auth":"[REDACTED]","method":"GET","msg":"request","url":"/api/own-saviynt"},"timestamp":"2025-09-21T13:45:35.609Z"}
{"level":"info","message":{"auth":"[REDACTED]","method":"GET","msg":"request","url":"/api/own-azure-ad"},"timestamp":"2025-09-21T13:45:35.612Z"}
{"level":"info","message":{"auth":"[REDACTED]","method":"GET","msg":"request","url":"/api/own-ping-directory"},"timestamp":"2025-09-21T13:45:35.617Z"}
{"level":"info","message":{"auth":"[REDACTED]","method":"GET","msg":"request","url":"/api/own-ping-federate"},"timestamp":"2025-09-21T13:45:35.622Z"}
{"level":"info","message":{"auth":"[REDACTED]","method":"GET","msg":"request","url":"/api/own-ping-mfa"},"timestamp":"2025-09-21T13:45:35.627Z"}
{"level":"info","message":{"auth":"[REDACTED]","method":"GET","msg":"request","url":"/api/own-cyberark"},"timestamp":"2025-09-21T13:45:35.630Z"}
{"level":"info","message":{"auth":"[REDACTED]","method":"GET","msg":"request","url":"/api/own-saviynt"},"timestamp":"2025-09-21T13:45:35.634Z"}
{"level":"info","message":{"auth":"[REDACTED]","method":"GET","msg":"request","url":"/api/own-azure-ad"},"timestamp":"2025-09-21T13:45:35.641Z"}
{"level":"info","message":{"auth":"[REDACTED]","method":"GET","msg":"request","url":"/api/own-saviynt"},"timestamp":"2025-09-21T13:45:41.806Z"}
{"level":"info","message":{"auth":"[REDACTED]","method":"GET","msg":"request","url":"/api/own-ping-federate"},"timestamp":"2025-09-21T13:45:44.404Z"}
{"level":"info","message":{"auth":"[REDACTED]","method":"GET","msg":"request","url":"/api/own-ping-federate"},"timestamp":"2025-09-21T13:45:48.422Z"}
{"level":"info","message":{"auth":"[REDACTED]","method":"GET","msg":"request","url":"/api/own-ping-directory/details"},"timestamp":"2025-09-21T13:46:10.677Z"}
{"level":"info","message":{"auth":"[REDACTED]","method":"GET","msg":"request","url":"/api/own-ping-directory/details"},"timestamp":"2025-09-21T13:46:11.642Z"}
{"level":"info","message":{"auth":"[REDACTED]","method":"GET","msg":"request","url":"/api/own-ping-directory/details"},"timestamp":"2025-09-21T13:46:12.066Z"}
{"level":"info","message":{"msg":"backend listening on 3001"},"timestamp":"2025-09-21T13:53:29.431Z"}
{"level":"info","message":{"method":"POST","msg":"request","url":"/auth/login"},"timestamp":"2025-09-21T13:53:35.747Z"}
{"level":"info","message":{"email":"anything-else@company.com","msg":"login","role":"employee"},"timestamp":"2025-09-21T13:53:35.754Z"}
{"level":"info","message":{"method":"GET","msg":"request","url":"/config/features"},"timestamp":"2025-09-21T13:53:35.828Z"}
{"level":"info","message":{"auth":"[REDACTED]","method":"GET","msg":"request","url":"/api/own-ping-directory"},"timestamp":"2025-09-21T13:53:35.837Z"}
{"level":"info","message":{"auth":"[REDACTED]","method":"GET","msg":"request","url":"/api/own-ping-federate"},"timestamp":"2025-09-21T13:53:35.841Z"}
{"level":"info","message":{"auth":"[REDACTED]","method":"GET","msg":"request","url":"/api/own-ping-mfa"},"timestamp":"2025-09-21T13:53:35.846Z"}
{"level":"info","message":{"auth":"[REDACTED]","method":"GET","msg":"request","url":"/api/own-cyberark"},"timestamp":"2025-09-21T13:53:35.850Z"}
{"level":"info","message":{"auth":"[REDACTED]","method":"GET","msg":"request","url":"/api/own-saviynt"},"timestamp":"2025-09-21T13:53:35.856Z"}
{"level":"info","message":{"auth":"[REDACTED]","method":"GET","msg":"request","url":"/api/own-azure-ad"},"timestamp":"2025-09-21T13:53:35.860Z"}
{"level":"info","message":{"auth":"[REDACTED]","method":"GET","msg":"request","url":"/api/own-ping-directory"},"timestamp":"2025-09-21T13:53:35.864Z"}
{"level":"info","message":{"auth":"[REDACTED]","method":"GET","msg":"request","url":"/api/own-ping-federate"},"timestamp":"2025-09-21T13:53:35.869Z"}
{"level":"info","message":{"auth":"[REDACTED]","method":"GET","msg":"request","url":"/api/own-ping-mfa"},"timestamp":"2025-09-21T13:53:35.874Z"}
{"level":"info","message":{"auth":"[REDACTED]","method":"GET","msg":"request","url":"/api/own-cyberark"},"timestamp":"2025-09-21T13:53:35.879Z"}
{"level":"info","message":{"auth":"[REDACTED]","method":"GET","msg":"request","url":"/api/own-saviynt"},"timestamp":"2025-09-21T13:53:35.885Z"}
{"level":"info","message":{"auth":"[REDACTED]","method":"GET","msg":"request","url":"/api/own-azure-ad"},"timestamp":"2025-09-21T13:53:35.921Z"}
{"level":"info","message":{"msg":"backend listening on 3001"},"timestamp":"2025-09-21T14:00:31.076Z"}
{"level":"info","message":{"msg":"backend listening on 3001"},"timestamp":"2025-09-21T14:00:47.475Z"}
{"level":"info","message":{"method":"GET","msg":"request","url":"/config/features"},"timestamp":"2025-09-21T14:00:51.338Z"}
{"level":"info","message":{"auth":"[REDACTED]","method":"GET","msg":"request","url":"/api/own-ping-directory"},"timestamp":"2025-09-21T14:00:51.472Z"}
{"level":"info","message":{"auth":"[REDACTED]","method":"GET","msg":"request","url":"/api/own-cyberark"},"timestamp":"2025-09-21T14:00:51.488Z"}
{"level":"info","message":{"auth":"[REDACTED]","method":"GET","msg":"request","url":"/api/own-ping-federate"},"timestamp":"2025-09-21T14:00:51.503Z"}
{"level":"info","message":{"auth":"[REDACTED]","method":"GET","msg":"request","url":"/api/own-ping-mfa"},"timestamp":"2025-09-21T14:00:51.512Z"}
{"level":"info","message":{"auth":"[REDACTED]","method":"GET","msg":"request","url":"/api/own-saviynt"},"timestamp":"2025-09-21T14:00:51.523Z"}
{"level":"info","message":{"auth":"[REDACTED]","method":"GET","msg":"request","url":"/api/own-ping-directory"},"timestamp":"2025-09-21T14:00:51.532Z"}
{"level":"info","message":{"auth":"[REDACTED]","method":"GET","msg":"request","url":"/api/own-cyberark"},"timestamp":"2025-09-21T14:00:51.551Z"}
{"level":"info","message":{"auth":"[REDACTED]","method":"GET","msg":"request","url":"/api/own-ping-federate"},"timestamp":"2025-09-21T14:00:51.557Z"}
{"level":"info","message":{"auth":"[REDACTED]","method":"GET","msg":"request","url":"/api/own-ping-mfa"},"timestamp":"2025-09-21T14:00:51.565Z"}
{"level":"info","message":{"auth":"[REDACTED]","method":"GET","msg":"request","url":"/api/own-saviynt"},"timestamp":"2025-09-21T14:00:51.570Z"}
{"level":"info","message":{"method":"POST","msg":"request","url":"/auth/login"},"timestamp":"2025-09-21T14:00:57.056Z"}
{"level":"info","message":{"email":"ops@company.com","msg":"login","role":"ops"},"timestamp":"2025-09-21T14:00:57.060Z"}
{"level":"info","message":{"method":"GET","msg":"request","url":"/config/features"},"timestamp":"2025-09-21T14:00:57.079Z"}
{"level":"info","message":{"auth":"[REDACTED]","method":"GET","msg":"request","url":"/api/ops-failures?system=ping-federate&minutes=10"},"timestamp":"2025-09-21T14:00:57.081Z"}
{"level":"info","message":{"auth":"[REDACTED]","method":"GET","msg":"request","url":"/api/ops-failures?system=ping-mfa&minutes=10"},"timestamp":"2025-09-21T14:00:57.088Z"}
{"level":"info","message":{"auth":"[REDACTED]","method":"GET","msg":"request","url":"/api/search-employee/u1020"},"timestamp":"2025-09-21T14:01:12.997Z"}
{"level":"info","message":{"auth":"[REDACTED]","method":"GET","msg":"request","url":"/api/own-ping-directory"},"timestamp":"2025-09-21T14:01:13.111Z"}
{"level":"info","message":{"auth":"[REDACTED]","method":"GET","msg":"request","url":"/api/own-ping-federate"},"timestamp":"2025-09-21T14:01:13.114Z"}
{"level":"info","message":{"auth":"[REDACTED]","method":"GET","msg":"request","url":"/api/own-ping-mfa"},"timestamp":"2025-09-21T14:01:13.119Z"}
{"level":"info","message":{"auth":"[REDACTED]","method":"GET","msg":"request","url":"/api/own-cyberark"},"timestamp":"2025-09-21T14:01:13.123Z"}
{"level":"info","message":{"auth":"[REDACTED]","method":"GET","msg":"request","url":"/api/own-saviynt"},"timestamp":"2025-09-21T14:01:13.128Z"}
{"level":"info","message":{"auth":"[REDACTED]","method":"GET","msg":"request","url":"/api/own-ping-directory"},"timestamp":"2025-09-21T14:01:13.133Z"}
{"level":"info","message":{"auth":"[REDACTED]","method":"GET","msg":"request","url":"/api/own-ping-federate"},"timestamp":"2025-09-21T14:01:13.136Z"}
{"level":"info","message":{"auth":"[REDACTED]","method":"GET","msg":"request","url":"/api/own-ping-mfa"},"timestamp":"2025-09-21T14:01:13.142Z"}
{"level":"info","message":{"auth":"[REDACTED]","method":"GET","msg":"request","url":"/api/own-cyberark"},"timestamp":"2025-09-21T14:01:13.146Z"}
{"level":"info","message":{"auth":"[REDACTED]","method":"GET","msg":"request","url":"/api/own-saviynt"},"timestamp":"2025-09-21T14:01:13.151Z"}
{"level":"info","message":{"method":"GET","msg":"request","url":"/config/features"},"timestamp":"2025-09-21T14:01:17.671Z"}
{"level":"info","message":{"auth":"[REDACTED]","method":"GET","msg":"request","url":"/api/ops-failures?system=ping-federate&minutes=10"},"timestamp":"2025-09-21T14:01:17.683Z"}
{"level":"info","message":{"auth":"[REDACTED]","method":"GET","msg":"request","url":"/api/ops-failures?system=ping-mfa&minutes=10"},"timestamp":"2025-09-21T14:01:17.698Z"}
{"level":"info","message":{"auth":"[REDACTED]","method":"GET","msg":"request","url":"/api/search-employee/u1020"},"timestamp":"2025-09-21T14:01:24.335Z"}
{"level":"info","message":{"auth":"[REDACTED]","method":"GET","msg":"request","url":"/api/own-ping-directory"},"timestamp":"2025-09-21T14:01:24.420Z"}
{"level":"info","message":{"auth":"[REDACTED]","method":"GET","msg":"request","url":"/api/own-ping-mfa"},"timestamp":"2025-09-21T14:01:24.424Z"}
{"level":"info","message":{"auth":"[REDACTED]","method":"GET","msg":"request","url":"/api/own-ping-federate"},"timestamp":"2025-09-21T14:01:24.428Z"}
{"level":"info","message":{"auth":"[REDACTED]","method":"GET","msg":"request","url":"/api/own-cyberark"},"timestamp":"2025-09-21T14:01:24.431Z"}
{"level":"info","message":{"auth":"[REDACTED]","method":"GET","msg":"request","url":"/api/own-saviynt"},"timestamp":"2025-09-21T14:01:24.435Z"}
{"level":"info","message":{"auth":"[REDACTED]","method":"GET","msg":"request","url":"/api/own-ping-directory"},"timestamp":"2025-09-21T14:01:24.439Z"}
{"level":"info","message":{"auth":"[REDACTED]","method":"GET","msg":"request","url":"/api/own-ping-mfa"},"timestamp":"2025-09-21T14:01:24.444Z"}
{"level":"info","message":{"auth":"[REDACTED]","method":"GET","msg":"request","url":"/api/own-ping-federate"},"timestamp":"2025-09-21T14:01:24.447Z"}
{"level":"info","message":{"auth":"[REDACTED]","method":"GET","msg":"request","url":"/api/own-cyberark"},"timestamp":"2025-09-21T14:01:24.451Z"}
{"level":"info","message":{"auth":"[REDACTED]","method":"GET","msg":"request","url":"/api/own-saviynt"},"timestamp":"2025-09-21T14:01:24.455Z"}
{"level":"info","message":{"auth":"[REDACTED]","method":"GET","msg":"request","url":"/api/search-employee/u1020"},"timestamp":"2025-09-21T14:01:25.477Z"}
{"level":"info","message":{"auth":"[REDACTED]","method":"GET","msg":"request","url":"/api/own-ping-directory"},"timestamp":"2025-09-21T14:01:25.566Z"}
{"level":"info","message":{"auth":"[REDACTED]","method":"GET","msg":"request","url":"/api/own-ping-federate"},"timestamp":"2025-09-21T14:01:25.570Z"}
{"level":"info","message":{"auth":"[REDACTED]","method":"GET","msg":"request","url":"/api/own-ping-mfa"},"timestamp":"2025-09-21T14:01:25.573Z"}
{"level":"info","message":{"auth":"[REDACTED]","method":"GET","msg":"request","url":"/api/own-cyberark"},"timestamp":"2025-09-21T14:01:25.578Z"}
{"level":"info","message":{"auth":"[REDACTED]","method":"GET","msg":"request","url":"/api/own-saviynt"},"timestamp":"2025-09-21T14:01:25.581Z"}
{"level":"info","message":{"auth":"[REDACTED]","method":"GET","msg":"request","url":"/api/own-ping-directory"},"timestamp":"2025-09-21T14:01:25.584Z"}
{"level":"info","message":{"auth":"[REDACTED]","method":"GET","msg":"request","url":"/api/own-ping-federate"},"timestamp":"2025-09-21T14:01:25.588Z"}
{"level":"info","message":{"auth":"[REDACTED]","method":"GET","msg":"request","url":"/api/own-ping-mfa"},"timestamp":"2025-09-21T14:01:25.593Z"}
{"level":"info","message":{"auth":"[REDACTED]","method":"GET","msg":"request","url":"/api/own-cyberark"},"timestamp":"2025-09-21T14:01:25.596Z"}
{"level":"info","message":{"auth":"[REDACTED]","method":"GET","msg":"request","url":"/api/own-saviynt"},"timestamp":"2025-09-21T14:01:25.599Z"}
{"level":"info","message":{"auth":"[REDACTED]","method":"GET","msg":"request","url":"/api/search-employee/u1020"},"timestamp":"2025-09-21T14:01:26.241Z"}
{"level":"info","message":{"auth":"[REDACTED]","method":"GET","msg":"request","url":"/api/own-ping-directory"},"timestamp":"2025-09-21T14:01:26.334Z"}
{"level":"info","message":{"auth":"[REDACTED]","method":"GET","msg":"request","url":"/api/own-ping-federate"},"timestamp":"2025-09-21T14:01:26.338Z"}
{"level":"info","message":{"auth":"[REDACTED]","method":"GET","msg":"request","url":"/api/own-ping-mfa"},"timestamp":"2025-09-21T14:01:26.342Z"}
{"level":"info","message":{"auth":"[REDACTED]","method":"GET","msg":"request","url":"/api/own-cyberark"},"timestamp":"2025-09-21T14:01:26.345Z"}
{"level":"info","message":{"auth":"[REDACTED]","method":"GET","msg":"request","url":"/api/own-saviynt"},"timestamp":"2025-09-21T14:01:26.349Z"}
{"level":"info","message":{"auth":"[REDACTED]","method":"GET","msg":"request","url":"/api/own-ping-directory"},"timestamp":"2025-09-21T14:01:26.353Z"}
{"level":"info","message":{"auth":"[REDACTED]","method":"GET","msg":"request","url":"/api/own-ping-federate"},"timestamp":"2025-09-21T14:01:26.358Z"}
{"level":"info","message":{"auth":"[REDACTED]","method":"GET","msg":"request","url":"/api/own-ping-mfa"},"timestamp":"2025-09-21T14:01:26.362Z"}
{"level":"info","message":{"auth":"[REDACTED]","method":"GET","msg":"request","url":"/api/own-cyberark"},"timestamp":"2025-09-21T14:01:26.364Z"}
{"level":"info","message":{"auth":"[REDACTED]","method":"GET","msg":"request","url":"/api/own-saviynt"},"timestamp":"2025-09-21T14:01:26.368Z"}
{"level":"info","message":{"auth":"[REDACTED]","method":"GET","msg":"request","url":"/api/search-employee/u1020"},"timestamp":"2025-09-21T14:01:32.400Z"}
{"level":"info","message":{"auth":"[REDACTED]","method":"GET","msg":"request","url":"/api/own-ping-directory"},"timestamp":"2025-09-21T14:01:32.501Z"}
{"level":"info","message":{"auth":"[REDACTED]","method":"GET","msg":"request","url":"/api/own-ping-mfa"},"timestamp":"2025-09-21T14:01:32.505Z"}
{"level":"info","message":{"auth":"[REDACTED]","method":"GET","msg":"request","url":"/api/own-ping-federate"},"timestamp":"2025-09-21T14:01:32.509Z"}
{"level":"info","message":{"auth":"[REDACTED]","method":"GET","msg":"request","url":"/api/own-cyberark"},"timestamp":"2025-09-21T14:01:32.512Z"}
{"level":"info","message":{"auth":"[REDACTED]","method":"GET","msg":"request","url":"/api/own-saviynt"},"timestamp":"2025-09-21T14:01:32.515Z"}
{"level":"info","message":{"auth":"[REDACTED]","method":"GET","msg":"request","url":"/api/own-ping-directory"},"timestamp":"2025-09-21T14:01:32.518Z"}
{"level":"info","message":{"auth":"[REDACTED]","method":"GET","msg":"request","url":"/api/own-ping-mfa"},"timestamp":"2025-09-21T14:01:32.523Z"}
{"level":"info","message":{"auth":"[REDACTED]","method":"GET","msg":"request","url":"/api/own-ping-federate"},"timestamp":"2025-09-21T14:01:32.527Z"}
{"level":"info","message":{"auth":"[REDACTED]","method":"GET","msg":"request","url":"/api/own-cyberark"},"timestamp":"2025-09-21T14:01:32.530Z"}
{"level":"info","message":{"auth":"[REDACTED]","method":"GET","msg":"request","url":"/api/own-saviynt"},"timestamp":"2025-09-21T14:01:32.534Z"}
{"level":"info","message":{"auth":"[REDACTED]","method":"GET","msg":"request","url":"/api/search-employee/u1020"},"timestamp":"2025-09-21T14:02:12.887Z"}
{"level":"info","message":{"auth":"[REDACTED]","method":"GET","msg":"request","url":"/api/own-ping-directory"},"timestamp":"2025-09-21T14:02:13.008Z"}
{"level":"info","message":{"auth":"[REDACTED]","method":"GET","msg":"request","url":"/api/own-ping-federate"},"timestamp":"2025-09-21T14:02:13.012Z"}
{"level":"info","message":{"auth":"[REDACTED]","method":"GET","msg":"request","url":"/api/own-ping-mfa"},"timestamp":"2025-09-21T14:02:13.016Z"}
{"level":"info","message":{"auth":"[REDACTED]","method":"GET","msg":"request","url":"/api/own-saviynt"},"timestamp":"2025-09-21T14:02:13.021Z"}
{"level":"info","message":{"auth":"[REDACTED]","method":"GET","msg":"request","url":"/api/own-cyberark"},"timestamp":"2025-09-21T14:02:13.024Z"}
{"level":"info","message":{"auth":"[REDACTED]","method":"GET","msg":"request","url":"/api/own-ping-directory"},"timestamp":"2025-09-21T14:02:13.027Z"}
{"level":"info","message":{"auth":"[REDACTED]","method":"GET","msg":"request","url":"/api/own-ping-federate"},"timestamp":"2025-09-21T14:02:13.030Z"}
{"level":"info","message":{"auth":"[REDACTED]","method":"GET","msg":"request","url":"/api/own-ping-mfa"},"timestamp":"2025-09-21T14:02:13.034Z"}
{"level":"info","message":{"auth":"[REDACTED]","method":"GET","msg":"request","url":"/api/own-saviynt"},"timestamp":"2025-09-21T14:02:13.040Z"}
{"level":"info","message":{"auth":"[REDACTED]","method":"GET","msg":"request","url":"/api/own-cyberark"},"timestamp":"2025-09-21T14:02:13.045Z"}
{"level":"info","message":{"method":"GET","msg":"request","url":"/config/features"},"timestamp":"2025-09-21T14:02:16.669Z"}
{"level":"info","message":{"auth":"[REDACTED]","method":"GET","msg":"request","url":"/api/ops-failures?system=ping-federate&minutes=10"},"timestamp":"2025-09-21T14:02:16.675Z"}
{"level":"info","message":{"auth":"[REDACTED]","method":"GET","msg":"request","url":"/api/ops-failures?system=ping-mfa&minutes=10"},"timestamp":"2025-09-21T14:02:16.680Z"}
{"level":"info","message":{"auth":"[REDACTED]","method":"GET","msg":"request","url":"/api/search-employee/u1020"},"timestamp":"2025-09-21T14:02:20.878Z"}
{"level":"info","message":{"auth":"[REDACTED]","method":"GET","msg":"request","url":"/api/search-employee/u1020"},"timestamp":"2025-09-21T14:02:24.218Z"}
{"level":"info","message":{"method":"GET","msg":"request","url":"/config/features"},"timestamp":"2025-09-21T14:02:38.428Z"}
{"level":"info","message":{"auth":"[REDACTED]","method":"GET","msg":"request","url":"/api/ops-failures?system=ping-federate&minutes=10"},"timestamp":"2025-09-21T14:02:38.435Z"}
{"level":"info","message":{"auth":"[REDACTED]","method":"GET","msg":"request","url":"/api/ops-failures?system=ping-mfa&minutes=10"},"timestamp":"2025-09-21T14:02:38.439Z"}
{"level":"info","message":{"auth":"[REDACTED]","method":"GET","msg":"request","url":"/api/search-employee/u1020"},"timestamp":"2025-09-21T14:02:42.399Z"}
{"level":"info","message":{"auth":"[REDACTED]","method":"GET","msg":"request","url":"/api/own-ping-directory"},"timestamp":"2025-09-21T14:02:42.478Z"}
{"level":"info","message":{"auth":"[REDACTED]","method":"GET","msg":"request","url":"/api/own-ping-federate"},"timestamp":"2025-09-21T14:02:42.486Z"}
{"level":"info","message":{"auth":"[REDACTED]","method":"GET","msg":"request","url":"/api/own-ping-mfa"},"timestamp":"2025-09-21T14:02:42.489Z"}
{"level":"info","message":{"auth":"[REDACTED]","method":"GET","msg":"request","url":"/api/own-cyberark"},"timestamp":"2025-09-21T14:02:42.493Z"}
{"level":"info","message":{"auth":"[REDACTED]","method":"GET","msg":"request","url":"/api/own-saviynt"},"timestamp":"2025-09-21T14:02:42.498Z"}
{"level":"info","message":{"auth":"[REDACTED]","method":"GET","msg":"request","url":"/api/own-ping-directory"},"timestamp":"2025-09-21T14:02:42.502Z"}
{"level":"info","message":{"auth":"[REDACTED]","method":"GET","msg":"request","url":"/api/own-ping-federate"},"timestamp":"2025-09-21T14:02:42.505Z"}
{"level":"info","message":{"auth":"[REDACTED]","method":"GET","msg":"request","url":"/api/own-ping-mfa"},"timestamp":"2025-09-21T14:02:42.508Z"}
{"level":"info","message":{"auth":"[REDACTED]","method":"GET","msg":"request","url":"/api/own-cyberark"},"timestamp":"2025-09-21T14:02:42.513Z"}
{"level":"info","message":{"auth":"[REDACTED]","method":"GET","msg":"request","url":"/api/own-saviynt"},"timestamp":"2025-09-21T14:02:42.518Z"}
{"level":"info","message":{"auth":"[REDACTED]","method":"GET","msg":"request","url":"/api/search-employee/u1020"},"timestamp":"2025-09-21T14:03:05.971Z"}
{"level":"info","message":{"auth":"[REDACTED]","method":"GET","msg":"request","url":"/api/own-ping-directory"},"timestamp":"2025-09-21T14:03:06.075Z"}
{"level":"info","message":{"auth":"[REDACTED]","method":"GET","msg":"request","url":"/api/own-ping-federate"},"timestamp":"2025-09-21T14:03:06.081Z"}
{"level":"info","message":{"auth":"[REDACTED]","method":"GET","msg":"request","url":"/api/own-ping-mfa"},"timestamp":"2025-09-21T14:03:06.085Z"}
{"level":"info","message":{"auth":"[REDACTED]","method":"GET","msg":"request","url":"/api/own-cyberark"},"timestamp":"2025-09-21T14:03:06.088Z"}
{"level":"info","message":{"auth":"[REDACTED]","method":"GET","msg":"request","url":"/api/own-saviynt"},"timestamp":"2025-09-21T14:03:06.094Z"}
{"level":"info","message":{"auth":"[REDACTED]","method":"GET","msg":"request","url":"/api/own-ping-directory"},"timestamp":"2025-09-21T14:03:06.098Z"}
{"level":"info","message":{"auth":"[REDACTED]","method":"GET","msg":"request","url":"/api/own-ping-federate"},"timestamp":"2025-09-21T14:03:06.102Z"}
{"level":"info","message":{"auth":"[REDACTED]","method":"GET","msg":"request","url":"/api/own-ping-mfa"},"timestamp":"2025-09-21T14:03:06.107Z"}
{"level":"info","message":{"auth":"[REDACTED]","method":"GET","msg":"request","url":"/api/own-cyberark"},"timestamp":"2025-09-21T14:03:06.112Z"}
{"level":"info","message":{"auth":"[REDACTED]","method":"GET","msg":"request","url":"/api/own-saviynt"},"timestamp":"2025-09-21T14:03:06.116Z"}
{"level":"info","message":{"auth":"[REDACTED]","method":"GET","msg":"request","url":"/api/search-employee/u1020"},"timestamp":"2025-09-21T14:03:06.663Z"}
{"level":"info","message":{"auth":"[REDACTED]","method":"GET","msg":"request","url":"/api/own-ping-directory"},"timestamp":"2025-09-21T14:03:06.770Z"}
{"level":"info","message":{"auth":"[REDACTED]","method":"GET","msg":"request","url":"/api/own-ping-federate"},"timestamp":"2025-09-21T14:03:06.775Z"}
{"level":"info","message":{"auth":"[REDACTED]","method":"GET","msg":"request","url":"/api/own-ping-mfa"},"timestamp":"2025-09-21T14:03:06.779Z"}
{"level":"info","message":{"auth":"[REDACTED]","method":"GET","msg":"request","url":"/api/own-cyberark"},"timestamp":"2025-09-21T14:03:06.783Z"}
{"level":"info","message":{"auth":"[REDACTED]","method":"GET","msg":"request","url":"/api/own-saviynt"},"timestamp":"2025-09-21T14:03:06.789Z"}
{"level":"info","message":{"auth":"[REDACTED]","method":"GET","msg":"request","url":"/api/own-ping-directory"},"timestamp":"2025-09-21T14:03:06.793Z"}
{"level":"info","message":{"auth":"[REDACTED]","method":"GET","msg":"request","url":"/api/own-ping-federate"},"timestamp":"2025-09-21T14:03:06.799Z"}
{"level":"info","message":{"auth":"[REDACTED]","method":"GET","msg":"request","url":"/api/own-ping-mfa"},"timestamp":"2025-09-21T14:03:06.804Z"}
{"level":"info","message":{"auth":"[REDACTED]","method":"GET","msg":"request","url":"/api/own-cyberark"},"timestamp":"2025-09-21T14:03:06.807Z"}
{"level":"info","message":{"auth":"[REDACTED]","method":"GET","msg":"request","url":"/api/own-saviynt"},"timestamp":"2025-09-21T14:03:06.812Z"}
{"level":"info","message":{"auth":"[REDACTED]","method":"GET","msg":"request","url":"/api/search-employee/u1020"},"timestamp":"2025-09-21T14:03:48.263Z"}
{"level":"info","message":{"auth":"[REDACTED]","method":"GET","msg":"request","url":"/api/own-ping-directory"},"timestamp":"2025-09-21T14:03:48.364Z"}
{"level":"info","message":{"auth":"[REDACTED]","method":"GET","msg":"request","url":"/api/own-ping-mfa"},"timestamp":"2025-09-21T14:03:48.367Z"}
{"level":"info","message":{"auth":"[REDACTED]","method":"GET","msg":"request","url":"/api/own-ping-federate"},"timestamp":"2025-09-21T14:03:48.373Z"}
{"level":"info","message":{"auth":"[REDACTED]","method":"GET","msg":"request","url":"/api/own-cyberark"},"timestamp":"2025-09-21T14:03:48.378Z"}
{"level":"info","message":{"auth":"[REDACTED]","method":"GET","msg":"request","url":"/api/own-saviynt"},"timestamp":"2025-09-21T14:03:48.382Z"}
{"level":"info","message":{"auth":"[REDACTED]","method":"GET","msg":"request","url":"/api/own-ping-directory"},"timestamp":"2025-09-21T14:03:48.386Z"}
{"level":"info","message":{"auth":"[REDACTED]","method":"GET","msg":"request","url":"/api/own-ping-mfa"},"timestamp":"2025-09-21T14:03:48.392Z"}
{"level":"info","message":{"auth":"[REDACTED]","method":"GET","msg":"request","url":"/api/own-ping-federate"},"timestamp":"2025-09-21T14:03:48.398Z"}
{"level":"info","message":{"auth":"[REDACTED]","method":"GET","msg":"request","url":"/api/own-cyberark"},"timestamp":"2025-09-21T14:03:48.409Z"}
{"level":"info","message":{"auth":"[REDACTED]","method":"GET","msg":"request","url":"/api/own-saviynt"},"timestamp":"2025-09-21T14:03:48.414Z"}
{"level":"info","message":{"auth":"[REDACTED]","method":"GET","msg":"request","url":"/api/snow/incidents?email=tina.zhang%40company.com"},"timestamp":"2025-09-21T14:03:49.936Z"}
{"level":"info","message":{"auth":"[REDACTED]","method":"GET","msg":"request","url":"/api/snow/incidents?email=tina.zhang%40company.com"},"timestamp":"2025-09-21T14:03:53.725Z"}
{"level":"info","message":{"auth":"[REDACTED]","method":"GET","msg":"request","url":"/api/snow/incidents?email=tina.zhang%40company.com"},"timestamp":"2025-09-21T14:03:54.477Z"}
{"level":"info","message":{"msg":"backend listening on 3001"},"timestamp":"2025-09-21T14:05:14.356Z"}
{"level":"info","message":{"method":"POST","msg":"request","url":"/auth/login"},"timestamp":"2025-09-21T14:05:21.177Z"}
{"level":"info","message":{"email":"anything-else@company.com","msg":"login","role":"employee"},"timestamp":"2025-09-21T14:05:21.185Z"}
{"level":"info","message":{"method":"GET","msg":"request","url":"/config/features"},"timestamp":"2025-09-21T14:05:21.275Z"}
{"level":"info","message":{"auth":"[REDACTED]","method":"GET","msg":"request","url":"/api/own-ping-directory"},"timestamp":"2025-09-21T14:05:21.278Z"}
{"level":"info","message":{"auth":"[REDACTED]","method":"GET","msg":"request","url":"/api/own-ping-federate"},"timestamp":"2025-09-21T14:05:21.285Z"}
{"level":"info","message":{"auth":"[REDACTED]","method":"GET","msg":"request","url":"/api/own-ping-mfa"},"timestamp":"2025-09-21T14:05:21.288Z"}
{"level":"info","message":{"auth":"[REDACTED]","method":"GET","msg":"request","url":"/api/own-cyberark"},"timestamp":"2025-09-21T14:05:21.292Z"}
{"level":"info","message":{"auth":"[REDACTED]","method":"GET","msg":"request","url":"/api/own-saviynt"},"timestamp":"2025-09-21T14:05:21.297Z"}
{"level":"info","message":{"auth":"[REDACTED]","method":"GET","msg":"request","url":"/api/own-ping-directory"},"timestamp":"2025-09-21T14:05:21.301Z"}
{"level":"info","message":{"auth":"[REDACTED]","method":"GET","msg":"request","url":"/api/own-ping-federate"},"timestamp":"2025-09-21T14:05:21.307Z"}
{"level":"info","message":{"auth":"[REDACTED]","method":"GET","msg":"request","url":"/api/own-ping-mfa"},"timestamp":"2025-09-21T14:05:21.313Z"}
{"level":"info","message":{"auth":"[REDACTED]","method":"GET","msg":"request","url":"/api/own-cyberark"},"timestamp":"2025-09-21T14:05:21.319Z"}
{"level":"info","message":{"auth":"[REDACTED]","method":"GET","msg":"request","url":"/api/own-saviynt"},"timestamp":"2025-09-21T14:05:21.330Z"}
{"level":"info","message":{"method":"POST","msg":"request","url":"/auth/login"},"timestamp":"2025-09-21T14:05:40.999Z"}
{"level":"info","message":{"email":"anything-else@company.com","msg":"login","role":"employee"},"timestamp":"2025-09-21T14:05:41.002Z"}
{"level":"info","message":{"method":"GET","msg":"request","url":"/config/features"},"timestamp":"2025-09-21T14:05:41.072Z"}
{"level":"info","message":{"auth":"[REDACTED]","method":"GET","msg":"request","url":"/api/own-ping-directory"},"timestamp":"2025-09-21T14:05:41.075Z"}
{"level":"info","message":{"auth":"[REDACTED]","method":"GET","msg":"request","url":"/api/own-ping-federate"},"timestamp":"2025-09-21T14:05:41.079Z"}
{"level":"info","message":{"auth":"[REDACTED]","method":"GET","msg":"request","url":"/api/own-ping-mfa"},"timestamp":"2025-09-21T14:05:41.083Z"}
{"level":"info","message":{"auth":"[REDACTED]","method":"GET","msg":"request","url":"/api/own-cyberark"},"timestamp":"2025-09-21T14:05:41.086Z"}
{"level":"info","message":{"auth":"[REDACTED]","method":"GET","msg":"request","url":"/api/own-saviynt"},"timestamp":"2025-09-21T14:05:41.090Z"}
{"level":"info","message":{"auth":"[REDACTED]","method":"GET","msg":"request","url":"/api/own-ping-directory"},"timestamp":"2025-09-21T14:05:41.094Z"}
{"level":"info","message":{"auth":"[REDACTED]","method":"GET","msg":"request","url":"/api/own-ping-federate"},"timestamp":"2025-09-21T14:05:41.098Z"}
{"level":"info","message":{"auth":"[REDACTED]","method":"GET","msg":"request","url":"/api/own-ping-mfa"},"timestamp":"2025-09-21T14:05:41.101Z"}
{"level":"info","message":{"auth":"[REDACTED]","method":"GET","msg":"request","url":"/api/own-cyberark"},"timestamp":"2025-09-21T14:05:41.104Z"}
{"level":"info","message":{"auth":"[REDACTED]","method":"GET","msg":"request","url":"/api/own-saviynt"},"timestamp":"2025-09-21T14:05:41.107Z"}
{"level":"info","message":{"method":"GET","msg":"request","url":"/config/features"},"timestamp":"2025-09-21T14:09:26.301Z"}
{"level":"info","message":{"auth":"[REDACTED]","method":"GET","msg":"request","url":"/api/own-ping-directory"},"timestamp":"2025-09-21T14:09:26.438Z"}
{"level":"info","message":{"auth":"[REDACTED]","method":"GET","msg":"request","url":"/api/own-ping-mfa"},"timestamp":"2025-09-21T14:09:26.446Z"}
{"level":"info","message":{"auth":"[REDACTED]","method":"GET","msg":"request","url":"/api/own-ping-federate"},"timestamp":"2025-09-21T14:09:26.457Z"}
{"level":"info","message":{"auth":"[REDACTED]","method":"GET","msg":"request","url":"/api/own-cyberark"},"timestamp":"2025-09-21T14:09:26.465Z"}
{"level":"info","message":{"auth":"[REDACTED]","method":"GET","msg":"request","url":"/api/own-saviynt"},"timestamp":"2025-09-21T14:09:26.472Z"}
{"level":"info","message":{"auth":"[REDACTED]","method":"GET","msg":"request","url":"/api/own-ping-directory"},"timestamp":"2025-09-21T14:09:26.484Z"}
{"level":"info","message":{"auth":"[REDACTED]","method":"GET","msg":"request","url":"/api/own-ping-mfa"},"timestamp":"2025-09-21T14:09:26.491Z"}
{"level":"info","message":{"auth":"[REDACTED]","method":"GET","msg":"request","url":"/api/own-ping-federate"},"timestamp":"2025-09-21T14:09:26.498Z"}
{"level":"info","message":{"auth":"[REDACTED]","method":"GET","msg":"request","url":"/api/own-cyberark"},"timestamp":"2025-09-21T14:09:26.533Z"}
{"level":"info","message":{"auth":"[REDACTED]","method":"GET","msg":"request","url":"/api/own-saviynt"},"timestamp":"2025-09-21T14:09:26.541Z"}
{"level":"info","message":{"msg":"backend listening on 3001"},"timestamp":"2025-09-21T14:09:40.127Z"}
{"level":"info","message":{"method":"POST","msg":"request","url":"/auth/login"},"timestamp":"2025-09-21T14:09:43.962Z"}
{"level":"info","message":{"email":"anything-else@company.com","msg":"login","role":"employee"},"timestamp":"2025-09-21T14:09:43.967Z"}
{"level":"info","message":{"auth":"[REDACTED]","method":"GET","msg":"request","url":"/api/own-ping-mfa"},"timestamp":"2025-09-21T14:09:44.039Z"}
{"level":"info","message":{"auth":"[REDACTED]","method":"GET","msg":"request","url":"/api/own-ping-directory"},"timestamp":"2025-09-21T14:09:44.046Z"}
{"level":"info","message":{"method":"GET","msg":"request","url":"/config/features"},"timestamp":"2025-09-21T14:09:44.051Z"}
{"level":"info","message":{"auth":"[REDACTED]","method":"GET","msg":"request","url":"/api/own-ping-federate"},"timestamp":"2025-09-21T14:09:44.055Z"}
{"level":"info","message":{"auth":"[REDACTED]","method":"GET","msg":"request","url":"/api/own-cyberark"},"timestamp":"2025-09-21T14:09:44.059Z"}
{"level":"info","message":{"auth":"[REDACTED]","method":"GET","msg":"request","url":"/api/own-saviynt"},"timestamp":"2025-09-21T14:09:44.064Z"}
{"level":"info","message":{"auth":"[REDACTED]","method":"GET","msg":"request","url":"/api/own-ping-mfa"},"timestamp":"2025-09-21T14:09:44.068Z"}
{"level":"info","message":{"auth":"[REDACTED]","method":"GET","msg":"request","url":"/api/own-ping-directory"},"timestamp":"2025-09-21T14:09:44.073Z"}
{"level":"info","message":{"auth":"[REDACTED]","method":"GET","msg":"request","url":"/api/own-ping-federate"},"timestamp":"2025-09-21T14:09:44.101Z"}
{"level":"info","message":{"auth":"[REDACTED]","method":"GET","msg":"request","url":"/api/own-cyberark"},"timestamp":"2025-09-21T14:09:44.118Z"}
{"level":"info","message":{"auth":"[REDACTED]","method":"GET","msg":"request","url":"/api/own-saviynt"},"timestamp":"2025-09-21T14:09:44.124Z"}
{"level":"info","message":{"method":"POST","msg":"request","url":"/auth/login"},"timestamp":"2025-09-21T14:09:57.006Z"}
{"level":"info","message":{"email":"anything-else@company.com","msg":"login","role":"employee"},"timestamp":"2025-09-21T14:09:57.010Z"}
{"level":"info","message":{"method":"GET","msg":"request","url":"/config/features"},"timestamp":"2025-09-21T14:09:57.089Z"}
{"level":"info","message":{"auth":"[REDACTED]","method":"GET","msg":"request","url":"/api/own-ping-directory"},"timestamp":"2025-09-21T14:09:57.091Z"}
{"level":"info","message":{"auth":"[REDACTED]","method":"GET","msg":"request","url":"/api/own-ping-federate"},"timestamp":"2025-09-21T14:09:57.095Z"}
{"level":"info","message":{"auth":"[REDACTED]","method":"GET","msg":"request","url":"/api/own-ping-mfa"},"timestamp":"2025-09-21T14:09:57.099Z"}
{"level":"info","message":{"auth":"[REDACTED]","method":"GET","msg":"request","url":"/api/own-cyberark"},"timestamp":"2025-09-21T14:09:57.103Z"}
{"level":"info","message":{"auth":"[REDACTED]","method":"GET","msg":"request","url":"/api/own-saviynt"},"timestamp":"2025-09-21T14:09:57.107Z"}
{"level":"info","message":{"auth":"[REDACTED]","method":"GET","msg":"request","url":"/api/own-ping-directory"},"timestamp":"2025-09-21T14:09:57.111Z"}
{"level":"info","message":{"auth":"[REDACTED]","method":"GET","msg":"request","url":"/api/own-ping-federate"},"timestamp":"2025-09-21T14:09:57.115Z"}
{"level":"info","message":{"auth":"[REDACTED]","method":"GET","msg":"request","url":"/api/own-ping-mfa"},"timestamp":"2025-09-21T14:09:57.119Z"}
{"level":"info","message":{"auth":"[REDACTED]","method":"GET","msg":"request","url":"/api/own-cyberark"},"timestamp":"2025-09-21T14:09:57.123Z"}
{"level":"info","message":{"auth":"[REDACTED]","method":"GET","msg":"request","url":"/api/own-saviynt"},"timestamp":"2025-09-21T14:09:57.130Z"}
{"level":"info","message":{"method":"GET","msg":"request","url":"/config/features"},"timestamp":"2025-09-21T14:10:08.890Z"}
{"level":"info","message":{"auth":"[REDACTED]","method":"GET","msg":"request","url":"/api/own-ping-directory"},"timestamp":"2025-09-21T14:10:09.006Z"}
{"level":"info","message":{"auth":"[REDACTED]","method":"GET","msg":"request","url":"/api/own-ping-mfa"},"timestamp":"2025-09-21T14:10:09.009Z"}
{"level":"info","message":{"auth":"[REDACTED]","method":"GET","msg":"request","url":"/api/own-ping-federate"},"timestamp":"2025-09-21T14:10:09.013Z"}
{"level":"info","message":{"auth":"[REDACTED]","method":"GET","msg":"request","url":"/api/own-cyberark"},"timestamp":"2025-09-21T14:10:09.016Z"}
{"level":"info","message":{"auth":"[REDACTED]","method":"GET","msg":"request","url":"/api/own-saviynt"},"timestamp":"2025-09-21T14:10:09.019Z"}
{"level":"info","message":{"auth":"[REDACTED]","method":"GET","msg":"request","url":"/api/own-ping-directory"},"timestamp":"2025-09-21T14:10:09.023Z"}
{"level":"info","message":{"auth":"[REDACTED]","method":"GET","msg":"request","url":"/api/own-ping-mfa"},"timestamp":"2025-09-21T14:10:09.027Z"}
{"level":"info","message":{"auth":"[REDACTED]","method":"GET","msg":"request","url":"/api/own-ping-federate"},"timestamp":"2025-09-21T14:10:09.030Z"}
{"level":"info","message":{"auth":"[REDACTED]","method":"GET","msg":"request","url":"/api/own-cyberark"},"timestamp":"2025-09-21T14:10:09.035Z"}
{"level":"info","message":{"auth":"[REDACTED]","method":"GET","msg":"request","url":"/api/own-saviynt"},"timestamp":"2025-09-21T14:10:09.039Z"}
